cards	33913
split.Adventure	151
split.Flip	20
split.Meld	14
split.Modal	100
split.None	33000
split.Omen	16
split.Prepare	66
split.Specialize	19
split.Split	128
split.Transform	399
faces.1	33007
faces.2	887
faces.6	19
cards.withVariants	205
cards.withPlaceholders	23
cards.withTokens	3403
cards.withPartner	71
lines.A	18606
lines.K	18361
lines.T	17153
lines.S	7135
lines.R	1711
lines.SVar	59938
