AB	11691	-	token:11691
AIActivateLast	1	-	bool:1
AIBidMax	3	int:1	int:3
AICheckSVar	2	-	token:2
AIExpectAmount	4	amount:1	int:4
AILifeThreshold	7	int:1	int:7
AILogic	1797	-	token:1797
AIManaPref	12	-	token:12
AIMinTgts	3	int:1	int:3
AINoRecursiveCheck	44	-	bool:44
AIPhyrexianPayment	5	int:1	token:5
AIRespondsToOwnAbility	1	-	bool:1
AISVarCompare	2	-	token:2
AITgtOwnCards	6	-	bool:6
AITgts	97	valid:1	token:92,prose:5
AITgtsStrict	2	-	bool:2
AIXMax	3	amount:2	token:3
APlayerHasMoreLifeThanEachOther	2	-	bool:2
APlayerHasMostCardsInHand	1	-	bool:1
Abilities	70	-	token:70
AbilityCount	1	-	token:1
Activate	7	-	bool:7
Activation	43	-	token:43
ActivationAfterBlockers	5	-	bool:5
ActivationFirstCombat	38	-	bool:38
ActivationGameTypes	1	-	token:1
ActivationLimit	284	amount:2,int:1	int:283,token:1
ActivationPhases	149	-	token:100,prose:49
ActivationZone	353	-	token:353
Activator	384	-	token:384
ActivatorThisTurnCast	111	-	token:111
ActivatorThisTurnCastEach	1	-	token:1
ActivePhases	1	-	token:1
ActiveZones	656	-	token:656
Adamant	1	-	token:1
Adapt	25	-	int:25
AddAbilities	2	-	token:2
AddAbility	331	-	token:325,prose:6
AddAllCreatureTypes	22	-	bool:22
AddColor	5	-	token:5
AddColors	4	-	token:3,prose:1
AddHiddenKeyword	19	-	prose:19
AddKWs	103	-	token:97,prose:6
AddKeyword	1857	-	token:1402,prose:452,amount:3
AddKeywords	47	-	token:41,prose:6
AddNames	1	-	token:1
AddPower	1938	amount:8	int:1644,token:292,amount:2
AddReplacementEffect	9	-	token:7,prose:2
AddSVar	181	-	token:158,prose:23
AddSVars	17	-	token:17
AddStaticAbilities	3	-	token:3
AddStaticAbility	53	-	token:52,prose:1
AddToughness	1532	amount:3	int:1321,token:210,amount:1
AddTrigger	247	-	token:242,prose:5
AddTriggers	9	-	token:9
AddTriggersFrom	1	defined:2	token:1
AddType	256	-	token:198,prose:58
AddTypes	67	-	token:40,prose:27
AdditionalActivationZone	2	-	token:2
AdditionalDesc	6	-	prose:6
AdditionalDescription	61	-	prose:61
AdditionalOptionalVote	3	-	int:3
AdditionalVillainousChoice	1	-	int:1
AdditionalVote	1	-	int:1
AddsCounters	4	-	token:4
AddsKeywords	6	-	token:6
AddsKeywordsUntil	4	-	token:4
AddsKeywordsValid	6	-	token:6
AddsNoCounter	3	-	bool:2,token:1
AdjustLandPlays	27	-	int:25,token:2
Affected	4573	valid:1	token:4541,prose:32
AffectedZone	473	-	token:473
AfterPhase	33	-	token:32,prose:1
AfterReplacement	1	-	bool:1
Again	1	-	bool:1
AllCards	2	-	bool:2
AllCounterTypes	1	-	bool:1
AllCounters	11	-	bool:11
AllDefined	12	valid:2	prose:7,token:5
AllSuffixKeywords	1	-	token:1
AllValid	53	valid:2	token:49,prose:4
AllowRepeats	2	-	bool:2
Alone	57	-	bool:57
AlreadyRevealed	11	-	bool:11
AltChoiceForEach	1	-	token:1
AlternateCost	6	-	prose:6
AlternativeDecider	35	defined:2	token:35
AlwaysRemember	13	-	bool:13
AlwaysReplace	27	-	bool:27
Amount	2210	amount:76,text:6	int:1558,token:635,amount:17
AmountByChosenMap	1	-	amount:1
AmountDesc	1	-	prose:1
AmountFromVotes	7	-	bool:7
Announce	32	-	token:32
AnnounceMax	2	amount:1	int:2
AnnounceTitle	9	-	prose:9
AnnounceType	6	-	token:6
AnyNumber	59	-	bool:59
AnySupportedCard	5	-	prose:3,token:2
AtEOT	178	-	token:178
AtEOTCondition	2	-	token:2
AtEOTDesc	2	-	prose:2
AtEOTTrig	11	-	token:11
AtLeastOneInstance	1	-	token:1
AtRandom	158	-	bool:155,token:3
AttachAfter	4	valid:5,defined:4	bool:2,token:2
AttachedTo	97	valid:9,defined:11	token:95,prose:2
AttachedToPlayer	5	defined:4	token:5
AttackDifferentPlayers	1	-	bool:1
Attacked	47	-	token:46,prose:1
AttackedTarget	59	-	token:59
Attacker	5	-	token:3,bool:2
Attacking	51	-	bool:42,token:5,prose:4
AttackingPlayer	166	-	token:166
Attributes	90	-	token:90
BasePower	1	-	bool:1
BeforeFirstPostCombatMainEnd	1	-	bool:1
BeginTurn	1	-	token:1
BidSubAbility	3	-	token:3
Blessing	4	-	bool:4
BlockAllDefined	1	-	bool:1
Blocking	1	-	token:1
Boast	18	-	bool:18
Bolster	25	-	int:22,token:3
Boon	24	-	bool:24
Booster	1	-	bool:1
BranchConditionSVar	114	amount:1	token:100,amount:14
BranchConditionSVarCompare	84	-	token:82,amount:2
CalcKeywordN	1	-	token:1
CanBlockAmount	31	amount:3	int:30,token:1
CanBlockAny	11	-	bool:11
CanRepeatModes	23	-	bool:23
CanTargetOtherCondition	2	valid:1	prose:1,token:1
CantChooseSubAbility	1	-	token:1
CantCopy	1	-	bool:1
CantFizzle	1	-	bool:1
CantHaveKeyword	6	-	token:4,prose:2
CardChoices	18	valid:7	token:18
CastFaceDown	1	-	bool:1
Caster	128	-	token:128
CauseIsSource	1	-	bool:1
ChangeColorWord	9	-	prose:9
ChangeColorWordsTo	1	-	token:1
ChangeController	9	-	token:9
ChangeLater	1	-	bool:1
ChangeNum	2273	amount:7	int:1510,token:758,amount:5
ChangeNumDesc	3	-	prose:2,token:1
ChangeSingleTarget	3	-	bool:3
ChangeType	2570	-	token:2413,prose:157
ChangeTypeDesc	366	-	prose:352,token:14
ChangeTypeWord	8	-	prose:8
ChangeValid	403	-	token:396,prose:7
ChangeValidDesc	5	-	prose:4,token:1
ChangeZoneTable	45	-	bool:45
CharacteristicDefining	266	-	bool:266
CharmNum	216	amount:3	int:170,amount:26,token:20
CheckDefinedPlayer	21	-	token:21
CheckFourthSVar	2	amount:1	token:2
CheckOnTriggeredCard	6	defined:1	prose:6
CheckSVar	918	amount:1	token:876,amount:42
CheckSecondSVar	15	amount:2	token:15
CheckThirdSVar	3	amount:1	token:3
ChoiceAmount	26	amount:12	amount:13,token:8,int:5
ChoiceDesc	11	-	token:9,prose:2
ChoiceNum	3	amount:4	int:3
ChoiceOptional	7	-	bool:7
ChoicePrompt	8	-	prose:8
ChoiceRestriction	28	-	token:28
ChoiceTitle	297	-	prose:297
ChoiceTitleAppend	4	-	token:3,prose:1
ChoiceZone	220	zone:16	token:220
Choices	1744	valid:40,defined:2	token:1711,prose:33
ChoicesDesc	1	-	prose:1
ChooseAmount	1	amount:2	int:1
ChooseAnyNumber	13	-	bool:13
ChooseCounter	20	-	bool:20
ChooseEach	10	-	prose:9,token:1
ChooseFromDefined	16	-	token:15,prose:1
ChooseFromList	6	-	prose:6
ChooseNumberSubAbility	1	-	token:1
ChooseOnlyOne	3	-	bool:3
ChooseOrder	9	defined:4	bool:7,token:2
ChooseSubAbility	1	-	token:1
ChooseType2	1	-	bool:1
Chooser	274	defined:16	token:274
ChosenMap	3	-	bool:3
ChosenMapIndex	1	int:2	int:1
ChosenPile	33	-	token:33
ChosenSVar	5	-	token:5
ChosenZone	1	zone:2	token:1
Choser	11	defined:2	token:11
ClearChosenCard	270	-	bool:270
ClearChosenColor	11	-	bool:11
ClearChosenPlayer	50	-	bool:50
ClearChosenType	4	-	bool:4
ClearCoinFlips	2	-	bool:2
ClearImprinted	213	-	bool:213
ClearNamedCard	32	-	bool:32
ClearNotedCardsFor	15	-	token:15
ClearRemembered	2734	-	bool:2734
ClearRememberedBeforeLoop	11	-	bool:11
ClearTriggered	3	-	bool:3
CloneTarget	43	defined:5	token:30,prose:13
CloneZone	2	zone:2	token:2
Color	17	-	prose:9,token:8
ColorOrType	43	-	token:43
Colors	178	-	token:178
Combat	1	-	bool:1
CombatDamage	872	-	bool:872
CombatMana	2	-	bool:2
Condition	488	-	token:485,prose:3
ConditionActivationLimit	4	int:1	token:4
ConditionCheckSVar	791	-	token:772,amount:19
ConditionChosenColor	5	-	token:5
ConditionCompare	795	-	token:795
ConditionDefined	1174	-	token:1174
ConditionDescription	67	-	prose:66,token:1
ConditionFirstCombat	3	-	bool:3
ConditionLifeAmount	4	-	token:4
ConditionLifeTotal	4	-	token:4
ConditionManaNotSpent	5	-	prose:3,token:2
ConditionManaSpent	34	-	token:29,prose:5
ConditionNoDifferentColors	1	-	token:1
ConditionNotPresent	8	-	token:8
ConditionOpponentTurn	1	-	bool:1
ConditionOptionalPaid	10	-	bool:10
ConditionPhases	27	-	token:27
ConditionPlayerContains	9	-	token:9
ConditionPlayerDefined	9	-	token:9
ConditionPlayerTurn	30	-	bool:30
ConditionPresent	1582	valid:1	token:1543,prose:39
ConditionPresent2	26	-	token:22,prose:4
ConditionSVarCompare	611	-	token:610,amount:1
ConditionTargetValidTargeting	3	-	token:3
ConditionTargetsSingleTarget	2	-	bool:2
ConditionYouCastThisTurn	1	-	token:1
ConditionZone	55	-	token:55
Conjure	184	-	bool:184
ConniveNum	3	amount:3	token:3
ControlAndNot	1	-	bool:1
ControlOpponentsSearchingLibrary	1	-	token:1
ControlledByPlayer	38	defined:2	token:38
Controller	225	defined:10	token:225
ControllerUntaps	1	-	bool:1
CopyCard	48	-	bool:48
CopyForEachCanTarget	11	-	token:9,prose:2
CopyFromChosenName	7	-	bool:7
Cost	12221	-	prose:6012,token:5425,int:784
CostDesc	139	text:1	prose:124,token:13,int:2
CounterAmount	11	-	token:11
CounterMapValues	1	-	int:1
CounterNum	3325	amount:25	int:2881,token:434,amount:10
CounterNum2	6	-	int:6
CounterNumPerDefined	3	amount:2	token:3
CounterNumShared	1	-	bool:1
CounterType	3705	counter:17	token:3691,prose:14
CounterType2	13	-	token:13
CounterTypePerDefined	3	-	bool:3
CounterTypes	15	-	token:13,prose:2
Cycling	1	-	bool:1
DB	36721	-	token:36721
DamageAmount	12	-	token:12
DamageDesc	2	-	prose:2
DamageMap	91	-	bool:91
DamageSource	176	defined:8	token:173,prose:3
DamageTarget	12	defined:2	token:12
DayTime	10	-	token:10
DeclaresBlockers	1	-	token:1
DefenderNotNearestToYouInChosenDirection	2	-	bool:2
DefendingPlayerPoisoned	1	-	bool:1
Defined	15764	defined:98	token:15559,prose:205
DefinedAssembler	3	-	token:3
DefinedAttacker	13	defined:10	token:10,prose:3
DefinedBlocker	5	defined:4	token:4,prose:1
DefinedCards	104	defined:15	token:97,prose:7
DefinedContraption	2	-	token:2
DefinedDamagers	19	defined:2	token:13,prose:6
DefinedDesc	19	text:6	prose:17,token:2
DefinedExiler	2	-	token:2
DefinedKW	12	-	token:12
DefinedLandwalk	1	-	token:1
DefinedMagnet	5	-	token:5
DefinedName	66	-	token:57,prose:9
DefinedPiles	4	-	token:4
DefinedPlayer	337	defined:11	token:337
DefinedTarget	2	defined:2	token:2
DelayedTriggerDefinedPlayer	9	-	token:9
Delirium	23	-	bool:23
Description	8635	-	prose:8635
DestAltSVar	6	-	amount:3,prose:2,token:1
DestAltSVarCompare	1	-	token:1
DestZone2Optional	2	-	bool:2
Destination	15502	zone:22	token:15502
DestinationAlternative	47	zone:2	token:47
DestinationChoice	1	-	token:1
DestinationZone	677	zone:4	token:677
DestinationZone2	214	-	token:214
Destroy	4	-	bool:4
DestroyPermanent	2	-	bool:2
DifferentCMC	1	-	bool:1
DifferentNames	19	-	bool:19
DifferentPower	1	-	bool:1
DifferentResults	1	-	bool:1
DigNum	980	amount:8	int:852,token:127,amount:1
DigZone	4	zone:2	token:4
Discard	7	-	bool:7
DiscardMessage	1	-	prose:1
DiscardValid	94	-	token:92,prose:2
DiscardValidDesc	19	-	prose:16,token:3
DivideEvenly	1	-	token:1
DividedAsYouChoose	131	amount:1	int:88,token:41,amount:2
DividedRandomly	2	-	bool:2
DividedUpTo	1	-	bool:1
DividerOnResolution	1	defined:2	token:1
DoesntHaveThisAbility	1	-	bool:1
DontNotify	1	-	bool:1
DontPlaneswalkAway	1	-	bool:1
DraftNum	2	amount:2	int:2
DrainMana	1	-	bool:1
DrawLimit	3	-	int:3
Duration	1778	-	token:1777,prose:1
ETB	838	-	bool:838
Each	2	amount:2	int:1,token:1
EachBasicType	4	-	bool:4
EachDifferentPower	1	-	bool:1
EachExistingCounter	6	-	bool:6
EachFromSource	22	defined:2	token:22
EachToItself	2	-	bool:2
EachVote	2	-	bool:2
EffectOnly	14	-	bool:14
EffectOwner	49	defined:2	token:49
EffectZone	824	zone:1	token:824
EnduringStory	1	-	bool:1
EvenOddResults	3	-	bool:3
Event	1693	-	token:1693
Exactly	2	-	bool:2
ExcessDamage	6	defined:2	token:6
ExcessDamageCondition	1	valid:2	token:1
ExcessSVar	23	-	token:23
ExcessSVarCondition	8	valid:1	token:8
ExcludeChosen	3	-	bool:3
ExcludeDestination	1	zone:1	token:1
ExcludeZone	1	-	token:1
ExcludedDestinations	1	-	token:1
ExcludedOrigins	2	-	token:2
Execute	17781	-	token:17781
ExecuteMode	9	-	token:9
Exhaust	45	-	bool:45
ExileFaceDown	86	-	bool:86
ExileOnLost	1	-	bool:1
ExileOnMoved	479	-	token:479
ExileWithCounters	4	counter:4	token:4
Expression	151	-	int:85,token:63,amount:3
ExtraPhase	55	-	token:54,prose:1
ExtraPhaseDelayedTrigger	4	svarref:2	token:4
ExtraPhaseDelayedTriggerExcute	4	svarref:2	token:4
ExtraTurn	4	-	bool:4
ExtraTurnDelayedTrigger	7	svarref:2	token:7
ExtraTurnDelayedTriggerExecute	7	svarref:2	token:7
FaceDown	21	-	bool:14,token:7
FaceDownPower	9	amount:1	int:9
FaceDownSetType	10	-	prose:9,token:1
FaceDownToughness	9	amount:1	int:9
FallbackAbility	14	-	token:14
FalseSubAbility	97	-	token:97
Filter	2	valid:2	amount:1,token:1
FirstAttack	4	-	bool:4
FirstCardInDrawStep	5	-	bool:5
FirstCombat	6	-	bool:6
FirstExtraCardDrawnThisTurn	1	-	bool:1
FirstForetell	1	-	bool:1
FirstTime	27	-	bool:27
FirstTimeCrewed	2	-	bool:2
FirstTimeSaddled	1	-	bool:1
FirstUpkeep	1	-	bool:1
FirstUpkeepThisGame	2	-	bool:2
FlipUntilYouLose	5	-	bool:5
Flipper	6	defined:2	token:6
FollowedBy	13	-	token:13
ForColor	1	-	bool:1
ForCost	11	-	bool:11
ForEachColorPair	1	-	bool:1
ForEachPlayer	1	defined:2	token:1
ForEachShard	2	-	token:2
ForReveal	5	-	bool:5
ForbiddenNewTypes	1	text:2	token:1
ForceReveal	1	-	token:1
ForceRevealToController	127	-	bool:127
Forecast	12	-	bool:12
Foretold	3	-	bool:3
ForetoldCost	2	-	bool:2
ForgetChanged	63	-	bool:63
ForgetChosen	11	-	bool:11
ForgetCounter	22	counter:2	token:22
ForgetDefined	5	defined:2	token:5
ForgetImprinted	20	defined:2	token:20
ForgetObjects	22	defined:2	token:20,prose:2
ForgetOnCast	28	-	token:26,bool:2
ForgetOnMoved	416	-	token:415,bool:1
ForgetOnPhasedIn	6	-	bool:6
ForgetOtherRemembered	72	-	bool:72
ForgetOtherTargets	28	-	bool:28
ForgetPlayed	19	-	bool:19
ForgetRemembered	4	-	bool:4
FoundDestination	145	zone:4	token:145
FoundLibraryPosition	3	amount:2	int:3
FoundSearchingLibrary	1	-	bool:1
FromBottom	2	-	bool:2
FromDesc	2	text:2	token:2
FromDraftNotes	1	-	prose:1
GainControl	303	defined:2	bool:248,token:55
GainTextAbilities	1	-	token:1
GainTextOf	1	-	token:1
GainThisAbility	23	-	bool:23
Gains	63	defined:2	token:62,prose:1
GainsAbilitiesLimitPerTurn	2	-	int:2
GainsAbilitiesOf	25	-	token:24,prose:1
GainsAbilitiesOfDefined	3	-	token:3
GainsAbilitiesOfZones	17	-	token:17
GainsTriggerAbsOf	2	-	token:2
GainsValidAbilities	5	-	token:5
GameActivationLimit	32	amount:2,int:1	int:32
GameStage	1	-	token:1
Goad	14	-	bool:14
Guess	2	-	bool:2
GuessCorrect	1	-	token:1
GuessWrong	1	-	token:1
Guesser	1	defined:2	token:1
HasXManaCost	3	-	bool:3
HeadsSubAbility	8	-	token:8
Hellbent	10	-	bool:10
Hidden	647	-	bool:647
HiddenKeywords	6	-	prose:6
Highest	3	-	token:3
Host	17	-	bool:17
IfDesc	10	text:6	bool:8,prose:2
IgnoreEffectCost	4	-	token:3,int:1
IgnoreFreeze	3	-	bool:3
IgnoreGeneric	4	-	bool:4
IgnoreLower	1	amount:2	int:1
Image	76	-	token:76
Imprint	103	-	bool:103
ImprintCards	69	defined:2	token:60,prose:9
ImprintChosen	21	-	bool:21
ImprintFound	21	-	bool:21
ImprintLast	1	-	bool:1
ImprintMade	4	-	bool:4
ImprintOnHost	7	-	bool:7
ImprintPlayed	5	-	bool:5
ImprintRememberedNoCleanup	1	-	bool:1
ImprintRest	1	-	bool:1
ImprintRevealed	17	-	bool:17
ImprintSacrificed	1	-	bool:1
ImprintTokens	14	-	bool:14
IncludeAllComponentCards	1	-	bool:1
IncludeSideboard	1	-	bool:1
IncludeSpellsOnStack	5	-	bool:5
Incorporate	6	-	prose:3,token:3
InstantSpeed	7	-	bool:7
InvalidTypes	5	-	token:5
InvertValidCause	1	-	bool:1
InvertValidSource	1	-	bool:1
IsCombat	50	-	bool:50
IsCurse	1089	-	bool:1089
IsDamage	7	-	bool:7
IsPresent	1293	-	token:1262,prose:31
IsPresent2	19	-	token:15,prose:4
IsSingleTarget	17	-	bool:17
KW	2489	-	token:1639,prose:850
KWChoice	29	-	token:19,prose:10
KeepName	1	-	bool:1
KeepRemembered	1	-	bool:1
KeywordDefined	1	-	token:1
Keywords	335	-	token:266,prose:69
Layer	315	-	token:315
LeaveBattlefield	8	-	token:8
LeftRightPile	2	-	bool:2
LethalDamageByPower	1	-	bool:1
LibraryPosition	456	amount:10,int:6	int:444,amount:6,token:6
LibraryPosition2	91	-	int:91
LibraryPositionAlternative	38	int:2	int:38
LifeAmount	2970	amount:15	int:2177,token:779,amount:14
LifeTotal	12	-	token:12
List	3	-	token:3
ListTitle	32	-	prose:32
LockInText	36	-	bool:36
LockTokenScript	6	-	bool:6
Log	34	-	bool:34
LogMessage	1	-	prose:1
Look	25	-	bool:25
LoseControl	168	-	token:168
LoseLifeMap	1	-	bool:1
LoseSubAbility	52	-	token:52
Lowest	1	-	token:1
ManaAbility	2	-	bool:2
ManaAmount	1	-	token:1
ManaConversion	18	-	token:17,prose:1
ManaCost	1	-	int:1
ManaNotSpent	5	-	token:5
ManaRestriction	3	-	token:3
ManaSpent	3	-	token:3
ManaType	5	-	token:5
Mandatory	713	-	bool:713
MatchedAbility	1	-	token:1
Max	63	amount:3	int:45,token:14,amount:4
MaxAttackers	8	amount:2	int:8
MaxBlockers	4	amount:1	int:4
MaxFromEffect	4	int:1	int:4
MaxNum	1	amount:1	int:1
MaxRepeat	20	amount:2	token:16,int:4
MaxRevealed	1	amount:4	token:1
MaxRollsResults	1	-	bool:1
MaxTotalTargetCMC	12	-	int:8,token:4
MaxTotalTargetPower	2	-	int:2
MayChooseTarget	181	-	bool:181
MayLookAt	88	-	token:87,bool:1
MayPlay	181	-	bool:180,token:1
MayPlayAltManaCost	16	-	token:9,int:6,prose:1
MayPlayDontGrantZonePermissions	18	-	bool:18
MayPlayIgnoreColor	4	-	bool:4
MayPlayIgnoreType	3	-	bool:3
MayPlayLimit	45	-	int:45
MayPlayPlayer	6	-	token:6
MayPlaySnowIgnoreColor	1	-	bool:1
MayPlayText	7	-	token:7
MayPlayWithFlash	5	-	bool:5
MayPlayWithoutManaCost	12	-	bool:12
MayShuffle	5	-	bool:5
Metalcraft	6	-	bool:6
Min	30	amount:2	int:29,token:1
MinAmount	35	int:4	int:35
MinCharmNum	156	amount:5	int:153,token:3
MinChoiceAmount	8	amount:2	int:8
MinLimit	3	amount:1	int:3
MinMana	8	-	int:8
MinTotalCMC	3	amount:2	int:3
Mode	26008	-	token:26008
ModeCost	72	-	int:60,prose:11,token:1
Modifier	7	amount:2	token:7
Monarch	1	-	bool:1
Monstrosity	36	-	int:29,token:7
Move	6	-	bool:6
Multiplier	4	int:2	int:4
MustAttack	4	defined:1	token:4
Name	308	-	prose:281,token:27
Names	7	-	prose:7
Natural	2	-	bool:2
NewController	91	defined:2	token:91
NewCounterAmount	3	-	int:3
NewName	13	-	prose:13
NewState	1	-	token:1
NewTime	1	-	token:1
NextTurn	60	-	bool:60
NextTurnForEachPlayer	2	-	bool:2
NoCall	11	-	bool:11
NoColoredMana	1	-	bool:1
NoLonger	1	-	bool:1
NoLooking	64	-	bool:64
NoMoveFound	1	-	bool:1
NoMoveRevealed	8	-	bool:8
NoPeek	59	-	bool:59
NoPrevention	12	-	bool:12
NoPutDesc	4	-	bool:4
NoRedirection	1	-	bool:1
NoRegen	145	-	bool:145
NoRegenValid	1	valid:2	token:1
NoRepetition	1	-	bool:1
NoResolvingCheck	86	-	bool:86
NoReveal	140	-	bool:140
NoSchemes	1	-	bool:1
NoShuffle	32	-	bool:32
NonBasicSpell	12	-	bool:12
NonLegendary	37	-	bool:37
NonZero	1	-	bool:1
NoneFoundDestination	1	zone:2	token:1
NoneFoundLibraryPosition	1	amount:2	int:1
NotFirstCardInDrawStep	7	-	bool:7
NotFirstLand	1	-	bool:1
NotLowest	1	-	token:1
NotThisAbility	1	-	bool:1
NoteCards	25	defined:2	token:25
NoteCardsFor	25	-	token:25
NoteCounterDefined	1	-	token:1
NoteDoubles	1	-	bool:1
NoteNumber	1	amount:2	token:1
Notify	1	-	bool:1
Num	282	amount:40	int:215,token:62,amount:5
NumAtt	3254	amount:13	int:2708,token:544,amount:2
NumCards	3442	amount:24,int:2	int:2804,token:620,amount:18
NumCardsDesc	1	-	prose:1
NumCopies	31	amount:4	int:18,token:13
NumDef	2246	amount:16	int:1879,token:365,amount:2
NumDmg	3191	amount:21,svarref:1	int:2155,token:987,amount:49
NumLimitEachTurn	16	-	int:16
NumPhases	2	amount:2	amount:1,int:1
NumRandomChoices	2	amount:2	int:2
NumTurns	77	amount:8	int:74,token:3
Number	80	int:2	int:79,token:1
Object	86	defined:9	token:75,prose:11
OneOff	2	-	bool:2
OnlyFirst	1	defined:1	token:1
OnlyFirstSpell	14	-	bool:14
OnlyNewKind	1	-	bool:1
OnlySorcerySpeed	3	-	bool:3
OpponentTurn	34	-	bool:34
OptionPrompt	3	-	prose:3
OptionQuestion	7	-	prose:7
Optional	1113	-	bool:1072,token:41
OptionalAbilityPrompt	5	-	prose:5
OptionalDecider	1539	defined:6	token:1528,bool:11
OptionalFoundMove	4	-	bool:4
OptionalNoDestination	1	zone:2	token:1
OptionalPrompt	3	-	prose:3
OrColors	8	-	bool:8
OrOtherConditionSVarCompare	7	-	token:7
OrString	4	-	prose:4
OrderDuplicates	2	-	bool:2
Origin	14289	zone:19	token:14289
OriginAlternative	62	zone:2,text:2	token:62
OtherBidder	1	defined:2	token:1
OtherSVar	5	-	token:5
OtherwiseSubAbility	3	-	token:3
OverwriteColors	160	-	bool:160
Paid	5	-	bool:5
Pawprint	20	amount:3	int:20
PeekAmount	107	amount:2	int:93,token:14
PersistentMana	22	-	bool:22
Phase	2807	-	token:1932,prose:875
PhaseCount	29	-	int:29
PhaseInOrOut	1	-	bool:1
Phases	8	-	token:5,prose:3
Piles	1	int:2	int:1
Placer	17	defined:2	token:17
Planeswalker	993	-	bool:993
PlayCost	7	-	token:5,int:2
PlayRaiseCost	1	-	prose:1
PlayReduceCost	1	-	int:1
Player	21	-	token:21
PlayerChoices	11	defined:8	token:11
PlayerTurn	201	defined:2	bool:196,token:5
Populate	27	-	bool:27
Power	458	amount:9	int:401,token:56,amount:1
PowerUp	37	-	bool:37
PreCostDesc	1	-	prose:1
PrecostDesc	276	text:1	prose:247,token:29
PresentCompare	402	-	token:402
PresentCompare2	3	-	token:3
PresentDefined	43	-	token:43
PresentPlayer	21	-	token:21
PresentPlayer2	2	-	token:2
PresentZone	167	zone:1	token:167
PresentZone2	2	-	token:2
Prevent	81	-	bool:81
PreventionEffect	62	-	bool:62
PreventionSubAbility	7	svarref:2	token:7
Primary	7	-	prose:7
PrimaryPrompt	5	-	prose:5
Produced	2363	-	token:1727,prose:636
PromptToSkipOptionalAbility	9	-	bool:9
PumpDuration	32	-	token:32
PumpKeywords	65	-	token:63,prose:2
PumpZone	144	zone:4	token:144
PutOnDefined	1	defined:2	token:1
PutOnEachOther	1	valid:2	token:1
QuasiLibrarySearch	3	defined:2	token:3
Radiance	11	-	bool:11
RaiseCost	18	-	token:12,prose:6
RaiseMaxHandSize	8	-	int:8
RaiseTo	1	-	bool:1
Random	62	-	bool:61,token:1
RandomChange	2	-	bool:2
RandomChosen	1	-	bool:1
RandomCompare	1	-	token:1
RandomCompareSVar	1	amount:2	token:1
RandomCopied	9	-	bool:9
RandomKWNum	1	-	int:1
RandomKeyword	3	-	bool:3
RandomNum	6	-	int:6
RandomNumTargets	1	-	bool:1
RandomOrder	45	-	bool:45
RandomTarget	3	-	bool:3
RandomTargetRestriction	1	valid:2	token:1
RandomType	1	-	bool:1
RearrangePlayer	1	defined:2	token:1
Reassemble	2	-	bool:2
Redistribute	3	-	bool:3
ReduceAmount	2	-	token:2
ReduceColor	5	-	token:5
ReduceCost	47	-	token:44,prose:2,amount:1
ReflectProperty	43	-	token:43
Regeneration	3	-	bool:3
RegenerationAbility	4	-	token:4
Relative	24	-	bool:24
RelativeTarget	2	-	bool:2
RelativeToSource	1	-	token:1
Remember	1	-	bool:1
RememberAbandoned	2	-	bool:2
RememberAffected	3	-	bool:3
RememberAllObjects	1	-	bool:1
RememberAltered	1	-	bool:1
RememberAmass	5	-	bool:5
RememberAmount	21	-	bool:21
RememberAnimated	1	-	bool:1
RememberAttached	7	-	bool:7
RememberCards	14	-	bool:14
RememberChanged	1169	-	bool:1168,token:1
RememberChosen	98	-	bool:98
RememberClasher	2	-	bool:2
RememberCloaked	1	-	bool:1
RememberControlled	14	-	bool:14
RememberCopies	3	-	bool:3
RememberCostMana	2	-	bool:2
RememberCountered	12	-	bool:12
RememberCounteredCMC	14	-	bool:14
RememberCounteredSA	1	-	bool:1
RememberDamaged	45	-	bool:45
RememberDestroyed	52	-	bool:52
RememberDifference	1	-	bool:1
RememberDiscarded	142	-	bool:142
RememberDiscardingPlayers	7	-	bool:7
RememberDiscovered	1	-	bool:1
RememberDrafted	18	-	bool:18
RememberDrainedMana	1	-	bool:1
RememberDrawn	29	-	bool:15,token:14
RememberEach	3	-	bool:3
RememberExchanged	4	-	bool:4
RememberForCounter	4	-	bool:4
RememberFound	95	-	bool:95
RememberGoaded	2	-	bool:2
RememberHighest	1	-	bool:1
RememberHighestPlayer	1	-	bool:1
RememberInvestigatingPlayers	2	-	bool:2
RememberKept	1	-	bool:1
RememberLKI	78	-	bool:75,token:3
RememberLoser	1	-	bool:1
RememberMade	57	-	bool:57
RememberManifested	15	-	bool:15
RememberMilled	108	-	bool:108
RememberMoved	2	-	bool:2
RememberMovedToZone	2	-	int:2
RememberNewCard	6	-	bool:6
RememberNumber	6	-	bool:4,token:2
RememberObjects	1531	defined:10	token:1480,prose:51
RememberOriginalTokens	8	-	bool:8
RememberOwnLoss	1	-	bool:1
RememberPeeked	33	-	bool:33
RememberPlayed	18	-	bool:18
RememberPlayers	3	-	token:3
RememberPumped	13	-	bool:13
RememberPut	13	-	bool:13
RememberRedirectedExcess	1	-	bool:1
RememberRemoved	27	-	bool:27
RememberRemovedCards	2	-	bool:2
RememberRemovedFromCombat	1	-	bool:1
RememberResult	2	-	bool:2
RememberRevealed	215	-	bool:215
RememberRevealedPlayer	3	-	bool:3
RememberSVarAmount	17	amount:4,svarref:4	token:17
RememberSacrificed	163	-	bool:163
RememberSearched	3	-	bool:3
RememberSource	2	-	bool:2
RememberSpell	1	-	token:1
RememberSplicedOntoCounteredSpell	1	-	bool:1
RememberTapped	19	-	bool:19
RememberTargets	98	-	bool:98
RememberTokens	135	-	bool:135
RememberUntapped	2	-	bool:2
RememberValids	1	-	bool:1
RememberVotedObjects	1	-	bool:1
RememberingAttacker	1	-	bool:1
RemoveAllAbilities	88	-	bool:88
RemoveArtifactTypes	4	-	bool:4
RemoveCardTypes	89	-	bool:89
RemoveChoices	1	-	token:1
RemoveConditionSVar	3	amount:2	amount:3
RemoveCreatureTypes	203	-	bool:203
RemoveEnchantmentTypes	14	-	bool:14
RemoveFromCombat	1	-	bool:1
RemoveFromInventory	1	-	bool:1
RemoveKeyword	16	-	token:14,prose:2
RemoveKeywords	25	-	token:15,prose:10
RemoveLandTypes	53	-	bool:53
RemoveNonManaAbilities	2	-	bool:2
RemovePhase	2	-	prose:1,token:1
RemoveSubTypes	4	-	bool:4
RemoveThisAbility	14	-	bool:14
RemoveType	29	-	token:29
RemoveTypes	7	-	token:7
Reorder	12	-	bool:12
RepeatCards	54	valid:2	token:50,prose:4
RepeatCheckSVar	27	amount:2	token:26,amount:1
RepeatCompare	5	-	token:5
RepeatDefined	11	defined:2	token:11
RepeatOptional	7	-	bool:7
RepeatOptionalDecider	1	defined:2	token:1
RepeatOptionalForEachPlayer	7	-	bool:7
RepeatOptionalMessage	7	-	prose:7
RepeatPlayers	251	-	token:251
RepeatPresent	12	-	token:11,prose:1
RepeatSVarCompare	32	-	token:32
RepeatSpellAbilities	1	-	token:1
RepeatSubAbility	409	-	token:409
RepeatTargeted	4	-	bool:2,token:2
RepeatTypesFrom	5	-	prose:5
ReplaceAmount	3	int:2	int:3
ReplaceDyingCondition	1	-	token:1
ReplaceDyingDefined	58	defined:3	token:58
ReplaceDyingExiledWith	1	-	bool:1
ReplaceGraveyard	37	-	token:37
ReplaceGraveyardValid	2	valid:2	token:2
ReplaceIlluMask	1	-	bool:1
ReplaceMana	2	-	token:2
ReplaceType	17	-	token:17
ReplaceWith	1294	-	token:1294
ReplacementEffects	413	-	token:413
ReplacementResult	842	-	token:842
Replacements	19	-	token:19
RerollResults	1	-	bool:1
ResolvedLimit	34	int:1	int:34
ResolvingCheck	4	-	token:4
RestRandomOrder	212	-	bool:212
RestrictFromValid	1	-	token:1
RestrictFromZone	1	zone:2	token:1
RestrictValid	178	-	token:177,prose:1
Result	9	-	token:8,bool:1
ResultSVar	47	-	token:47
ResultSubAbilities	64	-	token:64
ReturnAbility	1	-	token:1
ReturnValid	1	-	token:1
Reveal	290	-	bool:287,token:3
RevealAllValid	9	valid:2	token:9
RevealDefined	10	defined:3	token:9,prose:1
RevealFirst	1	-	bool:1
RevealNumber	11	amount:2	token:8,int:3
RevealOptional	39	-	bool:39
RevealRandomOrder	52	-	bool:52
RevealTitle	4	-	prose:4
RevealToAll	1	-	bool:1
RevealType	1	-	token:1
RevealValid	61	valid:5	token:61
RevealedDestination	163	zone:4	token:163
RevealedLibraryPosition	71	amount:4	int:71
RevertCost	13	-	token:12,int:1
Revolt	26	-	bool:25,token:1
RolledToVisitAttractions	1	-	bool:1
SP	7647	-	token:7647
ST	1	-	token:1
SVar	151	defined:2	token:151
SVarCompare	531	-	token:531
SVars	1	-	token:1
SacEachValid	4	-	bool:4
SacMessage	61	-	prose:55,token:6
SacValid	542	-	token:533,prose:9
ScryNum	421	amount:4	int:405,token:16
SearchOwnLibrary	4	-	bool:4
Searched	3	-	bool:3
SecondSVarCompare	1	-	token:1
Secondary	808	-	bool:801,prose:7
SecondaryType	2	-	token:2
Secretly	21	-	bool:21
SelectPrompt	165	-	prose:165
Separator	30	defined:2	token:30
SetChosenNumber	22	amount:2	token:21,amount:1
SetChosenPlayer	2	-	bool:2
SetColor	72	-	token:71,prose:1
SetCreatureTypes	10	-	token:10
SetLoyalty	1	amount:1	int:1
SetMaxHandSize	43	-	token:35,int:8
SetName	5	-	prose:4,token:1
SetPower	452	amount:1,text:2	token:241,int:209,amount:2
SetToughness	393	amount:1,text:2	int:209,token:182,amount:2
ShareLandType	1	-	bool:1
SharedKeywords	2	-	prose:2
SharedKeywordsDefined	1	-	token:1
SharedKeywordsZone	16	zone:8	token:16
SharedRestrictions	16	-	token:15,prose:1
ShieldEffectTarget	7	defined:2	token:7
ShowCardToActivator	2	-	bool:2
ShowCards	1	-	token:1
ShowChoice	31	-	token:26,bool:5
ShowCurrentCard	13	defined:2	token:13
ShowMessage	1	-	bool:1
ShowMilledCards	1	-	bool:1
ShowSacrificedCards	1	-	bool:1
Shuffle	356	-	bool:356
ShuffleBySelfControlled	1	-	bool:1
ShuffleChangedPile	2	-	bool:2
ShuffleCondition	1	-	token:1
ShuffleFromEffect	2	-	bool:2
ShuffleNonMandatory	214	-	bool:214
Sides	76	amount:2,text:2	int:76
Skip	24	-	bool:24
SkipReorder	17	-	bool:17
SkipUntap	2	-	bool:2
SnowSpentForCardsColor	1	-	bool:1
SorcerySpeed	519	-	bool:519
Source	18	defined:4	token:18
SourceCanOnlyTarget	1	-	token:1
SourceController	1	-	bool:1
SourceZone	7	zone:6	token:7
SpecifyCounter	1	-	bool:1
Spell	1	-	bool:1
SpellDescription	21810	-	prose:21650,token:160
Spellbook	63	-	prose:63
SpellbookAmount	2	amount:2	int:1,token:1
SpellbookName	4	-	token:3,prose:1
SplitAmount	1	-	bool:1
StackDescription	2575	-	token:1747,prose:828
Stackable	47	-	bool:47
Start	2	-	token:2
StartBidding	2	-	int:1,token:1
StartingLife	2	int:2	int:2
StartingWith	20	defined:1	token:20
Static	258	-	bool:258
StaticAbilities	1189	-	token:1189
StaticCommandCheckSVar	2	svarref:2	token:2
StaticCommandSVarCompare	2	-	token:2
StaticEffect	53	-	token:53
StaticEffectCheckSVar	1	amount:1	token:1
StaticEffectSVarCompare	1	-	token:1
Step	10	-	token:10
StoreResults	1	-	bool:1
StoreVoteNum	15	-	bool:15
StrictAmount	3	-	bool:3
SubABility	1	-	token:1
SubAbility	14976	-	token:14976
SubsForEach	1	-	bool:1
Support	19	-	int:17,token:2
TailsSubAbility	5	-	token:5
TapCreaturesForMana	1	-	bool:1
Tapped	517	-	bool:517
Tapper	3	defined:4	token:3
TapperController	3	-	bool:3
Target	50	-	token:48,prose:2
TargetControls	10	-	bool:10
TargetMax	1744	-	int:1336,token:402,amount:6
TargetMin	1752	-	int:1627,token:125
TargetRelativeToCause	1	valid:1	token:1
TargetRelativeToSource	2	-	token:2
TargetRestriction	5	-	token:5
TargetType	582	valid:2	token:573,prose:9
TargetUnique	127	-	bool:127
TargetValidTargeting	28	-	token:28
TargetingPlayer	31	defined:8	token:31
TargetingPlayerControls	5	-	bool:5
TargetsAtRandom	12	-	bool:12
TargetsForEachPlayer	56	-	bool:56
TargetsValid	102	-	token:102
TargetsWithControllerProperty	3	-	token:3
TargetsWithDefinedController	73	defined:3	token:71,prose:2
TargetsWithDifferentCMC	3	-	bool:3
TargetsWithDifferentControllers	10	-	bool:10
TargetsWithDifferentNames	2	-	bool:2
TargetsWithEqualToughness	1	-	bool:1
TargetsWithRelatedProperty	2	-	token:2
TargetsWithSameCardType	4	-	bool:4
TargetsWithSameController	35	-	bool:35
TargetsWithSameCreatureType	4	-	bool:4
TargetsWithSharedCardType	5	defined:1	token:5
TargetsWithSharedTypes	2	-	token:2
TargetsWithoutSameCreatureType	1	-	bool:1
Teamwork	1	-	bool:1
TempRemember	25	-	token:25
TgtPrompt	7016	-	prose:7016
TgtZone	238	zone:4	token:238
ThisDefinedAndTgts	16	defined:1	token:16
ThisDoor	29	-	bool:29
ThisTurn	82	-	bool:82
Threshold	5	-	bool:5
Times	3	amount:4	int:2,token:1
ToBottom	1	-	bool:1
ToEachOther	2	defined:2	token:2
ToVisitYourAttractions	1	-	bool:1
TokenAmount	979	amount:4,int:1	int:530,token:439,amount:10
TokenAttacking	79	-	bool:67,token:11,prose:1
TokenBlocking	4	-	token:4
TokenCard	2	-	bool:2
TokenColors	2	-	token:2
TokenOwner	2382	-	token:2380,prose:2
TokenPower	75	-	token:75
TokenRemembered	2	defined:2	token:2
TokenScript	3518	defined:2	token:3518
TokenTapped	250	-	bool:250
TokenToughness	73	-	token:73
TokenTypes	2	-	token:2
TopCardOfLibraryIs	7	valid:1	token:7
Toughness	449	amount:9	int:396,token:53
TransferActivator	1	-	bool:1
Transformed	46	-	bool:46
Trigger	23	svarref:1	token:23
TriggerAmount	16	amount:2	amount:16
TriggerController	17	defined:1	token:17
TriggerDescription	17459	-	prose:17459
TriggerZone	1	-	token:1
TriggerZones	8914	-	token:8914
TriggeredCounterMap	3	-	bool:3
TriggeredOwnAbility	2	-	bool:2
Triggers	455	-	token:455
TriggersWhenSpent	14	-	token:14
TrueSubAbility	114	-	token:114
Twice	2	-	bool:2
Type	1062	text:4	token:1037,prose:25
TypeLimit	1	amount:2	token:1
TypeList	1	-	prose:1
Types	545	-	token:544,prose:1
Ultimate	284	-	bool:284
UnblockCreaturesBlockedOnlyBy	4	defined:2	token:4
UnchosenPile	25	-	token:25
Unimprint	6	-	bool:6
Unique	1	-	bool:1
UniqueType	1	-	bool:1
UnlessAI	10	-	token:10
UnlessColor	1	-	token:1
UnlessCost	697	amount:1	token:404,int:170,prose:123
UnlessDefender	44	-	token:44
UnlessPayer	572	-	token:572
UnlessResolveSubs	43	-	token:43
UnlessSwitched	167	-	bool:167
UnlessType	15	-	token:15
UnmatchedAbility	1	-	token:1
Untap	110	-	bool:110
UntapExactly	2	-	bool:2
UntapType	18	text:2	token:18
UntapUpTo	16	-	bool:16
UpTo	14	-	bool:14
UpcomingTurn	2	-	bool:2
Upto	8	-	bool:8
UseAllOriginZones	32	-	bool:32
UseDifferenceBetweenRolls	4	-	bool:4
UseHighestRoll	1	-	bool:1
UseImprinted	40	-	bool:40
UseOriginalHost	1	-	bool:1
Valiant	10	-	bool:10
Valid	343	-	token:325,prose:18
ValidActivatingPlayer	1298	-	token:1298
ValidActivator	4	-	token:4
ValidAfterStack	11	-	token:6,prose:5
ValidAmountEach	1	-	token:1
ValidAttachment	4	-	token:4
ValidAttacked	1	-	token:1
ValidAttacker	367	-	token:367
ValidAttackerRelative	1	-	token:1
ValidAttackers	120	valid:2	token:119,prose:1
ValidAttackersAmount	36	-	token:36
ValidAttackingPlayer	1	-	token:1
ValidBlocked	9	-	token:9
ValidBlocker	361	-	token:359,prose:2
ValidBlockerAmount	1	-	token:1
ValidCard	15033	valid:5	token:14959,prose:73,amount:1
ValidCardToTarget	1	valid:1	token:1
ValidCards	2640	valid:11	token:2563,prose:77
ValidCards2	7	-	token:7
ValidCardsDesc	10	text:2	prose:10
ValidCause	71	-	token:67,prose:4
ValidCauser	2	-	token:2
ValidChoices	3	valid:2	token:3
ValidCounterType	44	counter:3	token:44
ValidCreature	109	-	token:109
ValidCrew	10	-	token:10
ValidCrewAmount	1	amount:1	int:1
ValidDefender	7	-	token:6,prose:1
ValidDefenders	1	-	token:1
ValidDefined	1	valid:2	token:1
ValidDescription	353	-	prose:264,token:89
ValidDestination	2	-	token:2
ValidDevoured	1	-	token:1
ValidEnlisted	1	-	token:1
ValidEntity	3	-	token:3
ValidExchange	1	-	token:1
ValidExplored	2	-	token:2
ValidExplorer	2	-	token:2
ValidKeyword	9	-	token:9
ValidLKI	32	-	token:29,prose:3
ValidLoseReason	8	-	token:8
ValidMessage	2	text:4	prose:2
ValidMode	33	-	token:33
ValidNewFace	1	valid:2	token:1
ValidObject	18	-	token:18
ValidObjectToSource	1	valid:1	token:1
ValidOriginalController	7	-	token:7
ValidPlayer	2949	-	token:2946,prose:3
ValidPlayers	156	defined:2	token:155,prose:1
ValidResult	24	-	token:17,int:7
ValidSA	763	valid:4	token:750,prose:13
ValidSAonCard	9	-	prose:7,token:2
ValidSaddled	1	-	token:1
ValidSides	2	int:2	int:2
ValidSource	1320	valid:2	token:1314,prose:6
ValidSpell	49	valid:1	token:48,prose:1
ValidSpellAbility	3	-	token:3
ValidStepTurnToController	154	valid:1	token:154
ValidSupportedCopy	4	-	token:4
ValidTarget	1525	valid:1	token:1523,prose:2
ValidTgts	13769	amount:1,valid:2,text:6	token:13637,prose:130,amount:2
ValidTgtsDesc	343	-	prose:341,token:2
ValidToken	29	-	token:29
ValidTrigger	1	-	token:1
ValidTurned	1	-	token:1
ValidTypes	6	-	token:6
ValidZone	150	zone:7	token:150
Value	27	amount:2,text:2	token:18,int:8,amount:1
VarName	108	amount:1	token:108
VarType	13	-	token:13
VarValue	108	-	token:90,amount:15,int:3
VoteCard	4	valid:3	token:4
VoteMessage	3	text:2	prose:3
VotePlayer	3	-	token:3
VoteSubAbility	3	-	token:3
VoteTiedAbility	13	-	token:13
WerewolfTransformCondition	32	-	bool:32
WerewolfUntransformCondition	33	-	bool:33
WhileKeyword	2	-	token:2
WinSubAbility	76	-	token:76
WithCounter	2	counter:4	token:2
WithCounterNum	2	amount:4	int:2
WithCounters	2	counter:2	token:2
WithCountersAmount	56	amount:20	int:42,token:14
WithCountersPlacer	1	defined:2	token:1
WithCountersType	135	counter:16	token:135
WithDifferentPowers	4	-	bool:4
WithMayLook	29	-	bool:29
WithTotalCMC	11	amount:4	int:7,token:4
WithTotalCardTypes	1	-	int:1
WithTotalPower	3	amount:2	int:2,token:1
WithoutManaCost	269	-	bool:269
Won	6	-	bool:6
WontPhaseInNormal	4	-	bool:4
XAlternative	1	amount:1	amount:1
XAnnounceTitle	2	-	prose:2
XColor	8	-	token:8
XMax	8	amount:2	token:7,int:1
XMin	5	-	int:5
Zone	272	zone:21	token:272
Zone1	1	-	token:1
Zone2	1	-	token:1
ZoneRegardless	1	-	bool:1
cmcGT	2	-	token:2
sVars	4	-	token:4
staticAbilities	92	-	token:92
