head	AITgts
head	AllTargeted
head	ChosenCard
head	Collected
head	Convoked
head	Count
head	CreatureEvalThreshold
head	Crewed
head	DiscardCost
head	Discarded
head	DungeonsCompleted
head	Emerged
head	Enchanted
head	Equipped
head	Exiled
head	ExiledCards
head	ExiledWith
head	Imprinted
head	ImprintedLKI
head	ManaFrom
head	MaxControlled
head	MaxControlledGlobally
head	MustHaveInHand
head	NeverCastIfLifeAbove
head	NeverCastIfLifeBelow
head	Number
head	OriginalHost
head	ParentTargeted
head	PlayerCount
head	PlayerCountDefinedActivePlayer
head	PlayerCountDefinedNonTriggeredTarget
head	PlayerCountDefinedPlayer.PlayerUID_RelativePlayerUID
head	PlayerCountDefinedRegistered
head	PlayerCountDefinedRegistered.Other
head	PlayerCountDefinedRememberedOwner
head	PlayerCountDefinedTriggeredAttackedTargetAndYou
head	PlayerCountDefinedTriggeredCardOwner
head	PlayerCountDefinedTriggeredPlayer
head	PlayerCountDefinedTriggeredSourceController
head	PlayerCountHasLost
head	PlayerCountNonActive
head	PlayerCountOpponents
head	PlayerCountOther
head	PlayerCountPlayers
head	PlayerCountPropertyYou
head	PlayerCountPropertywithAtLeast1MoreLandsThanYou
head	PlayerCountPropertywithAtLeast2MoreLandsThanYou
head	PlayerCountRegisteredOpponents
head	PlayerCountRemembered
head	PlayerCountRememberedController
head	PlayerCountRememberedOwner
head	PlayerCountRememberedPlayer
head	Remembered
head	RememberedLKI
head	ReplaceCount
head	ReplacedCard
head	ReplacedCardLKI
head	ReplacedSource
head	Returned
head	Revealed
head	SVar
head	SacCost
head	Sacrificed
head	SoulBond
head	SpellTargeted
head	Tapped
head	Targeted
head	TargetedByTarget
head	TargetedController
head	TargetedObjects
head	TargetedObjectsDistinct
head	TargetedPlayer
head	ThisTargetedPlayer
head	ThisTurn
head	TriggerCount
head	TriggerCountMax
head	TriggerObjectsAttackers
head	TriggerObjectsCards
head	TriggerObjectsCurrentCastSpells
head	TriggerObjectsSpellAbilityTargets
head	TriggerRemembered
head	TriggeredActivator
head	TriggeredAttacker
head	TriggeredBlocker
head	TriggeredCard
head	TriggeredCardController
head	TriggeredCardLKI
head	TriggeredDefendingPlayer
head	TriggeredDevoured
head	TriggeredExploited
head	TriggeredObject
head	TriggeredPlayer
head	TriggeredPlayersAttackedTarget
head	TriggeredPlayersDefenders
head	TriggeredPlayersOpponentVotedDiff
head	TriggeredPlayersTargets
head	TriggeredSource
head	TriggeredSpellAbility
head	TriggeredTarget
head	Type
context	CastSA>	5
context	Spawner>	6
context	TriggeredSpellAbility>	1
operator	Abs	6
operator	DivideEvenlyDown	5
operator	DivideEvenlyUp	1
operator	HalfDown	44
operator	HalfUp	59
operator	LimitMax	84
operator	LimitMin	10
operator	Minus	117
operator	Mod	3
operator	NMinus	14
operator	Negative	1
operator	Plus	311
operator	Pow	1
operator	ThirdUp	5
operator	Thrice	9
operator	Times	182
operator	Twice	163
countHead	AbilityYouCtrl
countHead	Adamant
countHead	Adamant_7
countHead	AllFourBend
countHead	AltCost
countHead	AttackersDeclared
countHead	Bargain
countHead	Bargained
countHead	Blessing
countHead	BloodthirstAmount
countHead	CardCounters
countHead	CardManaCost
countHead	CardNumAttacksThisGame
countHead	CardNumAttacksThisTurn
countHead	CardNumColors
countHead	CardPower
countHead	CardToughness
countHead	CardsInYourHand
countHead	CastTotalManaSpent
countHead	ChosenNumber
countHead	ChosenSize
countHead	Chroma
countHead	ChromaInGrave
countHead	ChromaSource
countHead	ColorsColorIdentity
countHead	CommanderCastFromCommandZone
countHead	CommittedCrimeThisTurn
countHead	Compare
countHead	Converge
countHead	CountersAddedThisTurn
countHead	CountersRemovedThisTurn
countHead	CreaturesAttackedThisTurn
countHead	DamageThisTurn
countHead	Delirium
countHead	Devotion
countHead	DevotionDual
countHead	Devoured
countHead	DifferentCounterKinds_Creature
countHead	DifferentCounterKinds_Permanent
countHead	DistinctUnlockedDoors
countHead	Domain
countHead	DomainActivePlayer
countHead	DraftNotesCount.Cogwork
countHead	DraftNotesHighest.Custodi
countHead	DraftNotesHighest.Garbage
countHead	DraftNotesHighest.Lurking
countHead	DraftNotesHighest.Pyretic
countHead	EachSpentToCast
countHead	Emerged
countHead	EnchantedControllerCreatures
countHead	Escaped
countHead	ExactManaCostGraveyard
countHead	FatefulHour
countHead	FinishedEndOfTurnsThisTurn
countHead	FinishedUpkeepsThisTurn
countHead	Foretold
countHead	Freerunning
countHead	HasNumChosenColors
countHead	Hellbent
countHead	IfCastInOwnMainPhase
countHead	ImprintedCardManaCost
countHead	ImprintedSize
countHead	InOwnMainPhase
countHead	Initiative
countHead	Intensity
countHead	IsPrime
countHead	Kicked
countHead	Landfall
countHead	LastStateBattlefield
countHead	LastStateBattlefieldWithFallback
countHead	LastStateGraveyard
countHead	LastStateGraveyardWithFallback
countHead	LastTurnEntered_Battlefield_Creature
countHead	LeftBattlefieldThisTurn
countHead	LeftGraveyardThisTurn
countHead	LifeOppsLostThisTurn
countHead	LifeYouGainedThisTurn
countHead	LifeYouLostThisTurn
countHead	LifeYourTeamGainedThisTurn
countHead	Madness
countHead	ManaColorsPaid
countHead	ManaPool:All
countHead	ManaPool:green
countHead	MaxCombatDamageThisTurn
countHead	MaxDistinctOnStack
countHead	MaxOppDamageThisTurn
countHead	MaxSameStoredRolls
countHead	MaxSpeed
countHead	Metalcraft
countHead	Monarch
countHead	Morbid
countHead	MostCardName
countHead	MostProminentCreatureType
countHead	Night
countHead	NonCombatDamageThisTurn
countHead	NotedNumber
countHead	NumCombatDamageThisTurn
countHead	NumDamageThisTurn
countHead	NumInAllHands
countHead	NumPiledGuessedSA
countHead	OppGreatestLifeTotal
countHead	OptionalGenericCostPaid
countHead	Party
countHead	Presence_Dragon
countHead	PromisedGift
countHead	Random
countHead	RegeneratedThisTurn
countHead	RememberedNumber
countHead	RememberedSize
countHead	RememberedWithSharedCardType
countHead	ResolvedThisTurn
countHead	Revolt
countHead	SearchedLibrary
countHead	SecondMostProminentColor
countHead	SingleMaxDamageThisTurn
countHead	StartingPlayer
countHead	Teamwork
countHead	ThisTurnActivated_Activated
countHead	ThisTurnActivated_Activated.YouCtrl+IsTargeting
countHead	ThisTurnCast_Artifact
countHead	ThisTurnCast_Card
countHead	ThisTurnCast_Card.ControlledBy
countHead	ThisTurnCast_Card.RememberedPlayerCtrl+sharesNameWith
countHead	ThisTurnCast_Card.YouCtrl+CastSa
countHead	ThisTurnCast_Card.YouCtrl+namedPeer
countHead	ThisTurnCast_Card.YouCtrl+namedReach
countHead	ThisTurnCast_Card.nonCreature+ControlledBy
countHead	ThisTurnCast_Creature
countHead	ThisTurnCast_Instant
countHead	ThisTurnCast_Merfolk
countHead	ThisTurnEntered_Battlefield_Angel
countHead	ThisTurnEntered_Battlefield_Artifact
countHead	ThisTurnEntered_Battlefield_Card
countHead	ThisTurnEntered_Battlefield_Cleric
countHead	ThisTurnEntered_Battlefield_Creature
countHead	ThisTurnEntered_Battlefield_Food
countHead	ThisTurnEntered_Battlefield_Frog
countHead	ThisTurnEntered_Battlefield_Goblin
countHead	ThisTurnEntered_Battlefield_Hero
countHead	ThisTurnEntered_Battlefield_Land
countHead	ThisTurnEntered_Battlefield_Land.ControlledBy
countHead	ThisTurnEntered_Battlefield_Mount
countHead	ThisTurnEntered_Battlefield_Permanent
countHead	ThisTurnEntered_Battlefield_Planeswalker
countHead	ThisTurnEntered_Battlefield_Zombie
countHead	ThisTurnEntered_Exile_Card
countHead	ThisTurnEntered_Exile_from_Battlefield_Creature
countHead	ThisTurnEntered_Graveyard_Card
countHead	ThisTurnEntered_Graveyard_Creature
countHead	ThisTurnEntered_Graveyard_from_Battlefield_Artifact
countHead	ThisTurnEntered_Graveyard_from_Battlefield_Card
countHead	ThisTurnEntered_Graveyard_from_Battlefield_Creature
countHead	ThisTurnEntered_Graveyard_from_Battlefield_Creature,Artifact
countHead	ThisTurnEntered_Graveyard_from_Battlefield_Creature.!namedEbondeath;
countHead	ThisTurnEntered_Graveyard_from_Battlefield_Dalek$CardPower
countHead	ThisTurnEntered_Graveyard_from_Battlefield_Enchantment
countHead	ThisTurnEntered_Graveyard_from_Battlefield_Human
countHead	ThisTurnEntered_Graveyard_from_Battlefield_Land
countHead	ThisTurnEntered_Graveyard_from_Battlefield_Permanent
countHead	ThisTurnEntered_Graveyard_from_Battlefield_Phyrexian
countHead	ThisTurnEntered_Graveyard_from_Hand_Card
countHead	ThisTurnEntered_Graveyard_from_Library_Card
countHead	ThisTurnEntered_Hand_from_Battlefield_Permanent
countHead	Threshold
countHead	TimesKicked
countHead	TimesMutated
countHead	TopOfLibraryCMC
countHead	TotalCommanderCastFromCommandZone
countHead	TotalDamageDoneByThisTurn
countHead	TotalDamageReceivedThisTurn
countHead	TotalDamageThisTurn
countHead	TotalManaSpent
countHead	TotalOppPoisonCounters
countHead	TotalTurns
countHead	TotalValue
countHead	TriggerRememberAmount
countHead	TriggeredCardManaCost
countHead	TriggeredManaCostDevotion
countHead	TriggeredPayingMana
countHead	TypesSharedWith
countHead	UniqueManaColorsProduced
countHead	UnlockedDoors
countHead	UrzaLands
countHead	Valid
countHead	ValidAll
countHead	ValidBattlefield,Command
countHead	ValidBattlefield,Graveyard
countHead	ValidBattlefield,Hand
countHead	ValidCommand
countHead	ValidExile
countHead	ValidExile,Graveyard
countHead	ValidGraveyard
countHead	ValidGraveyard,Battlefield
countHead	ValidGraveyard,Exile
countHead	ValidGraveyard,Hand,Library
countHead	ValidGraveyard,Library,Hand
countHead	ValidHand
countHead	ValidHand,Graveyard
countHead	ValidLibrary
countHead	ValidSelf
countHead	ValidSideboard
countHead	ValidStack
countHead	Void
countHead	YouCastThisGame
countHead	YouDescendedThisTurn
countHead	YouDrewLastTurn
countHead	YouDrewThisTurn
countHead	YouFlipThisTurn
countHead	YouRollThisTurn
countHead	YouRolledThisTurn6
countHead	YouSurveilThisTurn
countHead	YourCountersEnergy
countHead	YourCountersExperience
countHead	YourCountersRAD
countHead	YourLifeTotal
countHead	YourSpeed
countHead	YourStartingLibrarySize
countHead	YourStartingLife
countHead	YourTurns
countHead	wasCastFromExile
countHead	wasCastFromGraveyard
countHead	wasCastFromYourHand
countHead	wasCastFromYourHandByYou
countHead	wasCastFromYourLibrary
countHead	xColorPaid
countHead	xPaid
